[demo.brasilleiro.com.br/index.html]
[backblue.gif]
[fade.gif]
[index.html]
[static.brasilleiro.com.br/assets/2018091901/temas/senadorsalgadofilhov2/img/brasao.png]
[static.brasilleiro.com.br/assets/2018091901/temas/senadorsalgadofilhov2/css/style.css]
[static.brasilleiro.com.br/assets/2018091901/temas/senadorsalgadofilhov2/bootstrap/css/bootstrap.min.css]
[static.brasilleiro.com.br/assets/2018091901/fontello/css/brasilleiro.css]
[static.brasilleiro.com.br/assets/2018091901/css/contrast.css]
[cdn.jsdelivr.net/sweetalert2/6.2.0/sweetalert2.min.css]
[static.brasilleiro.com.br/assets/2018091901/css/sprites.css]
[static.brasilleiro.com.br/assets/2018091901/js/jquery-1.11.1.min.js]
[static.brasilleiro.com.br/assets/2018091901/jQuery.dotdotdot/src/js/jquery.dotdotdot.min.js]
[static.brasilleiro.com.br/assets/2018091901/temas/senadorsalgadofilhov2/bootstrap/js/bootstrap.min.js]
[static.brasilleiro.com.br/assets/2018091901/js/contrast.js]
[static.brasilleiro.com.br/assets/2018091901/js/main.js]
[www.google-analytics.com/analytics.js]
[demo.brasilleiro.com.br/acessibilidade.html]
[demo.brasilleiro.com.br/mapadosite.html]
[demo.brasilleiro.com.br/paginapref/gabinete_do_prefeito.html]
[demo.brasilleiro.com.br/paginapref/telefones_uteis.html]
[demo.brasilleiro.com.br/paginapref/recursos_humanos.html]
[demo.brasilleiro.com.br/normas.html]
[demo.brasilleiro.com.br/projetoseacoes.html]
[demo.brasilleiro.com.br/servicos.html]
[demo.brasilleiro.com.br/concursos.html]
[demo.brasilleiro.com.br/contas.html]
[demo.brasilleiro.com.br/editais.html]
[demo.brasilleiro.com.br/licitacoes.html]
[demo.brasilleiro.com.br/transparencia.html]
[demo.brasilleiro.com.br/paginas/turismo.html]
[demo.brasilleiro.com.br/paginas/visao_geral.html]
[demo.brasilleiro.com.br/eventos.html]
[demo.brasilleiro.com.br/secretarias/turismo.html]
[demo.brasilleiro.com.br/secretarias/saude.html]
[demo.brasilleiro.com.br/secretarias/meio_ambiente.html]
[demo.brasilleiro.com.br/secretarias/habitacao.html]
[demo.brasilleiro.com.br/secretarias/fazenda.html]
[demo.brasilleiro.com.br/secretarias/administracao.html]
[demo.brasilleiro.com.br/secretarias/educacao.html]
[demo.brasilleiro.com.br/secretarias/cultura.html]
[demo.brasilleiro.com.br/categorias/esportes.html]
[demo.brasilleiro.com.br/categorias/agricultura.html]
[demo.brasilleiro.com.br/categorias/ciencia_e_tecnologia.html]
[demo.brasilleiro.com.br/categorias/cultura.html]
[demo.brasilleiro.com.br/categorias/educacao.html]
[demo.brasilleiro.com.br/categorias/emprego.html]
[demo.brasilleiro.com.br/categorias.html]
[demo.brasilleiro.com.br/noticias.html]
[demo.brasilleiro.com.br/audios.html]
[demo.brasilleiro.com.br/enquetes.html]
[demo.brasilleiro.com.br/galerias.html]
[demo.brasilleiro.com.br/videos.html]
[demo.brasilleiro.com.br/acessoainformacao.html]
[demo.brasilleiro.com.br/acessoainformacao/sic.html]
[demo.brasilleiro.com.br/acessoainformacao/consulta.html]
[demo.brasilleiro.com.br/acessoainformacao/relatorios.html]
[demo.brasilleiro.com.br/ouvidoria.html]
[demo.brasilleiro.com.br/noticias/ullamco_egestas_elementum_turpis_aptent_ullamcorper_per.html]
[static.brasilleiro.com.br/imagens/w757_h450_zc1__d25b60c5907b60bd418371bd9386d40d6a848de6eec12d31ca19e7b506cbc262_o1c8r.jpg]
[demo.brasilleiro.com.br/noticias/cubilia_architecto_numquam_minus_asperiores_repellat.html]
[static.brasilleiro.com.br/imagens/w757_h450_zc1__29a845edeb87ceed6bcb504838c0920699364c090cc91473127f80179e44c6d0_p6g8v.jpg]
[static.brasilleiro.com.br/imagens/w757_h450_zc1__29a845edeb87ceed6bcb504838c0920681e03393d148700ff74406ed267148f8_x4n7p.jpg]
[demo.brasilleiro.com.br/noticias/ipsam_pretium_aliquam_dolorem_hendrerit_hendrerit.html]
[static.brasilleiro.com.br/imagens/w560_h160_zc1__d25b60c5907b60bd418371bd9386d40d85b28c7404f3cc690d30ee80e86f9c51_j3w2p.png]
[static.brasilleiro.com.br/imagens/w560_h160_zc1__d25b60c5907b60bd418371bd9386d40d9d9016b5ec7de83e27272b5ee233a5fb_g9x4d.png]
[demo.brasilleiro.com.br/noticias/tortor_ipsam_metus_aenean_omnis_inventore_consectetur.html]
[static.brasilleiro.com.br/imagens/w270_h180_zc1__29a845edeb87ceed6bcb504838c09206c41642efc8003abf7e2bb7a05593b329_k6r2p.jpg]
[demo.brasilleiro.com.br/noticias/facere_aperiam_inventore_posuere_ex_itaque.html]
[static.brasilleiro.com.br/imagens/w270_h180_zc1__29a845edeb87ceed6bcb504838c09206229a4c3426587a48089cde6a3a1bbb47_s7a6m.jpg]
[static.brasilleiro.com.br/imagens/w270_h180_zc1__29a845edeb87ceed6bcb504838c09206c082fb39f0f47a7fad06f6671fe82a53_w6n1t.jpg]
[demo.brasilleiro.com.br/noticias/blanditiis_cum_imperdiet_vestibulum_repellat_quam.html]
[demo.brasilleiro.com.br/noticias/quasi_ridiculus_congue_eum_ultrices_egestas_optio_labore_quis.html]
[static.brasilleiro.com.br/imagens/w270_h180_zc1__29a845edeb87ceed6bcb504838c09206dc906199456ef7fd47522abcb82fb355_l6w4f.jpg]
[demo.brasilleiro.com.br/licitacoes/pariatur_soluta_tristique_quidem.html]
[demo.brasilleiro.com.br/concursos/concurso_publico_2013.html]
[static.brasilleiro.com.br/assets/2018091901/img/tempo-icones/flat-color/10d.png]
[static.brasilleiro.com.br/assets/2018091901/img/tempo-icones/flat-color/02d.png]
[demo.brasilleiro.com.br/previsaodotempo.html]
[demo.brasilleiro.com.br/projetoseacoes/asfalto_da_rua_x.html]
[static.brasilleiro.com.br/imagens/w529_h100_zc1__94202e3cc4cbea3f302d00ee8d3476d48605daa62c6dd0fa95fe1d4a2342431f_t8a9e.jpg]
[demo.brasilleiro.com.br/galerias/noticias_ijui.html]
[static.brasilleiro.com.br/imagens/zc1_w320_h180__noticias_ijui_c7v9x.jpg]
[demo.brasilleiro.com.br/galerias/pontos_turisticos.html]
[static.brasilleiro.com.br/imagens/zc1_w320_h180__pontos_turisticos_p4g5g.jpg]
[demo.brasilleiro.com.br/ouvidoria/contato.html]
[demo.brasilleiro.com.br/noticias/imprensa.html]
[static.brasilleiro.com.br/assets/2018091901/img/logo-140-61.png]
[connect.facebook.net/pt_BR/sdk.js]
[platform.twitter.com/widgets.js]
[demo.brasilleiro.com.br/index.html]
[static.brasilleiro.com.br/assets/2018091901/temas/senadorsalgadofilhov2/bootstrap/css/bootstrap.min.css]
[static.brasilleiro.com.br/assets/2018091901/css/temasv2.css]
[static.brasilleiro.com.br/assets/2018091901/temas/senadorsalgadofilhov2/img/bg.jpg]
[static.brasilleiro.com.br/assets/2018091901/temas/senadorsalgadofilhov2/img/bg-contenttres.jpg]
[static.brasilleiro.com.br/assets/2018091901/temas/senadorsalgadofilhov2/css/style.css]
[static.brasilleiro.com.br/assets/2018091901/fontello/css/brasilleiro.css]
[static.brasilleiro.com.br/assets/2018091901/css/contrast.css]
[cdn.jsdelivr.net/sweetalert2/6.2.0/sweetalert2.min.css]
[static.brasilleiro.com.br/assets/2018091901/img/sprites.png]
[static.brasilleiro.com.br/assets/2018091901/css/sprites.css]
[demo.brasilleiro.com.br/welcome.html]
[static.brasilleiro.com.br/imagens/zc1_w393_h115__d25b60c5907b60bd418371bd9386d40d85b28c7404f3cc690d30ee80e86f9c51_j3w2p.png]
[static.brasilleiro.com.br/imagens/zc1_w120_h80__d25b60c5907b60bd418371bd9386d40d6a848de6eec12d31ca19e7b506cbc262_o1c8r.jpg]
[static.brasilleiro.com.br/imagens/zc1_w120_h80__29a845edeb87ceed6bcb504838c09206c41642efc8003abf7e2bb7a05593b329_k6r2p.jpg]
[static.brasilleiro.com.br/imagens/zc1_w120_h80__29a845edeb87ceed6bcb504838c09206229a4c3426587a48089cde6a3a1bbb47_s7a6m.jpg]
[static.brasilleiro.com.br/imagens/zc1_w120_h80__29a845edeb87ceed6bcb504838c09206c082fb39f0f47a7fad06f6671fe82a53_w6n1t.jpg]
[demo.brasilleiro.com.br/acessibilidade.html]
[demo.brasilleiro.com.br/busca.html]
[demo.brasilleiro.com.br/exprefeitos.html]
[demo.brasilleiro.com.br/secretarias/cultura/secretario_1.html]
[demo.brasilleiro.com.br/secretarias/educacao/secretaria_1.html]
[demo.brasilleiro.com.br/secretarias/administracao/secretaria.html]
[demo.brasilleiro.com.br/secretarias/fazenda/secretario_2.html]
[demo.brasilleiro.com.br/secretarias/habitacao/secretario_3.html]
[demo.brasilleiro.com.br/secretarias/meio_ambiente/secretaria_2.html]
[demo.brasilleiro.com.br/secretarias/saude/secretario.html]
[demo.brasilleiro.com.br/secretarias/saude/atribuicoes.html]
[demo.brasilleiro.com.br/ouvidoria/sic.html]
[demo.brasilleiro.com.br/ouvidoria/consulta.html]
[demo.brasilleiro.com.br/ouvidoria/acesso_a_informacao_no_brasil.html]
[demo.brasilleiro.com.br/ouvidoria/regra_para_contagem_do_prazo_legal.html]
[demo.brasilleiro.com.br/ouvidoria/perguntas_mais_frequentes_-_faq.html]
[demo.brasilleiro.com.br/faq.html]
[demo.brasilleiro.com.br/ouvidoria/relatorios.html]
[demo.brasilleiro.com.br/mapadosite.html]
[static.brasilleiro.com.br/imagens/29a845edeb87ceed6bcb504838c092060b7cf7c75b0295df88f05477e2000696_s9k8g.jpg]
[demo.brasilleiro.com.br/paginapref.html]
[static.brasilleiro.com.br/assets/2018091901/datatables/media/js/jquery.dataTables.min.js]
[demo.brasilleiro.com.br/imagens/zc1_w411.914438502674_h294__29a845edeb87ceed6bcb504838c092060b7cf7c75b0295df88f05477e2000696_s9k8g.jpg]
[demo.brasilleiro.com.br/paginapref/gabinete_do_prefeito/teste.html]
[static.brasilleiro.com.br/imagens/noticias_ijui_c7v9x.jpg]
[static.brasilleiro.com.br/imagens/zc1_w160_h80__noticias_ijui_c7v9x.jpg]
[static.brasilleiro.com.br/imagens/pontos_turisticos_j8e1r.jpg]
[static.brasilleiro.com.br/imagens/zc1_w160_h80__pontos_turisticos_j8e1r.jpg]
[static.brasilleiro.com.br/imagens/pontos_turisticos_x3n4z.jpg]
[static.brasilleiro.com.br/imagens/zc1_w160_h80__pontos_turisticos_x3n4z.jpg]
[static.brasilleiro.com.br/imagens/pontos_turisticos_u4s8d.jpg]
[static.brasilleiro.com.br/imagens/zc1_w160_h80__pontos_turisticos_u4s8d.jpg]
[static.brasilleiro.com.br/imagens/pontos_turisticos_x2m5s.jpg]
[static.brasilleiro.com.br/imagens/zc1_w160_h80__pontos_turisticos_x2m5s.jpg]
[static.brasilleiro.com.br/imagens/pontos_turisticos_h5f3x.jpg]
[static.brasilleiro.com.br/imagens/pontos_turisticos_x4m5s.jpg]
[static.brasilleiro.com.br/imagens/zc1_w160_h80__pontos_turisticos_x4m5s.jpg]
[static.brasilleiro.com.br/imagens/pontos_turisticos_s3x8f.jpg]
[static.brasilleiro.com.br/imagens/zc1_w160_h80__pontos_turisticos_s3x8f.jpg]
[static.brasilleiro.com.br/imagens/pontos_turisticos_w1i8u.jpg]
[static.brasilleiro.com.br/imagens/zc1_w160_h80__pontos_turisticos_w1i8u.jpg]
[static.brasilleiro.com.br/imagens/pontos_turisticos_m1e3g.jpg]
[static.brasilleiro.com.br/imagens/zc1_w160_h80__pontos_turisticos_m1e3g.jpg]
[static.brasilleiro.com.br/imagens/pontos_turisticos_r4c3u.jpg]
[static.brasilleiro.com.br/imagens/zc1_w160_h80__pontos_turisticos_r4c3u.jpg]
[static.brasilleiro.com.br/imagens/pontos_turisticos_r1c1g.jpg]
[static.brasilleiro.com.br/imagens/zc1_w160_h80__pontos_turisticos_r1c1g.jpg]
[static.brasilleiro.com.br/imagens/pontos_turisticos_p4g5g.jpg]
[static.brasilleiro.com.br/imagens/zc1_w160_h80__pontos_turisticos_p4g5g.jpg]
[static.brasilleiro.com.br/assets/2018091901/colorbox/example3/colorbox.css]
[static.brasilleiro.com.br/assets/2018091901/colorbox/jquery.colorbox.js]
[static.brasilleiro.com.br/assets/2018091901/print-area/js/jquery.printarea.js]
[demo.brasilleiro.com.br/paginapref/gabinete_do_prefeito.html]
[demo.brasilleiro.com.br/paginapref/telefones_uteis.html]
[static.brasilleiro.com.br/assets/2018091901/datatables/media/js/dataTables.bootstrap.js]
[demo.brasilleiro.com.br/paginapref/recursos_humanos/relacao_dos_servidores.html]
[demo.brasilleiro.com.br/paginapref/recursos_humanos.html]
[static.brasilleiro.com.br/assets/2018091901/datatables/media/js/dataTables.bootstrap3.js]
[demo.brasilleiro.com.br/normas/index/lei.html]
[demo.brasilleiro.com.br/normas/index/lei_organica.html]
[demo.brasilleiro.com.br/normas/index/regimento_interno.html]
[demo.brasilleiro.com.br/normas.html]
[demo.brasilleiro.com.br/projetoseacoes.html]
[demo.brasilleiro.com.br/servicos.html]
[demo.brasilleiro.com.br/concursos.html]
[static.brasilleiro.com.br/assets/2018091901/datatables/extras/TableTools/media/css/TableTools.css]
[static.brasilleiro.com.br/assets/2018091901/bootstrap-datepicker/build/css/bootstrap-datetimepicker.css]
[demo.brasilleiro.com.br/contas/2014.html]
[static.brasilleiro.com.br/assets/2018091901/bootstrap-datepicker/build/js/bootstrap-datetimepicker.min.js]
[demo.brasilleiro.com.br/contas.html]
[static.brasilleiro.com.br/assets/2018091901/datatables/extras/TableTools/media/js/TableTools.min.js]
[demo.brasilleiro.com.br/editais.html]
[static.brasilleiro.com.br/assets/2018091901/datepicker/css/datepicker.css]
[static.brasilleiro.com.br/assets/2018091901/datepicker/js/bootstrap-datepicker.js]
[cdnjs.cloudflare.com/ajax/libs/moment.js/2.22.1/moment.js]
[demo.brasilleiro.com.br/licitacoes/modalidade/carta_convite_1.html]
[demo.brasilleiro.com.br/licitacoes/modalidade/chamada_publica.html]
[demo.brasilleiro.com.br/licitacoes/modalidade/chamamento_publico.html]
[demo.brasilleiro.com.br/licitacoes/modalidade/comunicado_publico.html]
[demo.brasilleiro.com.br/licitacoes/modalidade/concorrencia.html]
[demo.brasilleiro.com.br/licitacoes/modalidade/concurso.html]
[demo.brasilleiro.com.br/licitacoes/modalidade/dispensa_por_limite.html]
[demo.brasilleiro.com.br/licitacoes/modalidade/inexigibilidade.html]
[demo.brasilleiro.com.br/licitacoes/modalidade/leilao.html]
[demo.brasilleiro.com.br/licitacoes/modalidade/pregao_eletronico.html]
[demo.brasilleiro.com.br/licitacoes/modalidade/pregao_presencial.html]
[demo.brasilleiro.com.br/licitacoes/modalidade/proposta_magnetica.html]
[demo.brasilleiro.com.br/licitacoes/modalidade/rdc.html]
[demo.brasilleiro.com.br/licitacoes/modalidade/registro_preco.html]
[demo.brasilleiro.com.br/licitacoes/modalidade/tomada_de_precos.html]
[demo.brasilleiro.com.br/licitacoes.html]
[demo.brasilleiro.com.br/transparencia/despesaspordata/2018/09.html]
[cdnjs.cloudflare.com/ajax/libs/moment.js/2.22.1/locale/pt-br.js]
[demo.brasilleiro.com.br/transparencia.html]
[static.brasilleiro.com.br/imagens/ec3fb4b3d2033c2e15fb07f919c480e902fd042a4e3cf4cc19583060c9305253_o7v4l.jpg]
[demo.brasilleiro.com.br/paginas.html]
[static.brasilleiro.com.br/imagens/zc1_w700__ec3fb4b3d2033c2e15fb07f919c480e902fd042a4e3cf4cc19583060c9305253_o7v4l.jpg]
[demo.brasilleiro.com.br/assets/captcha/1537993221.6192.jpg]
[demo.brasilleiro.com.br/paginas/turismo.html]
[static.brasilleiro.com.br/imagens/ec3fb4b3d2033c2e15fb07f919c480e9340da4b865e2076e7816f98eba029ab0_j2c2x.jpg]
[static.brasilleiro.com.br/imagens/zc1_w380.4809384164223_h272__ec3fb4b3d2033c2e15fb07f919c480e9340da4b865e2076e7816f98eba029ab0_j2c2x.jpg]
[demo.brasilleiro.com.br/assets/captcha/1537993222.3614.jpg]
[demo.brasilleiro.com.br/paginas/visao_geral.html]
[static.brasilleiro.com.br/assets/2018091901/fullcalendar-2.2.5/fullcalendar.min.css]
[static.brasilleiro.com.br/assets/2018091901/fullcalendar-2.2.5/lib/moment.min.js]
[static.brasilleiro.com.br/assets/2018091901/fullcalendar-2.2.5/lang/pt-br.js]
[demo.brasilleiro.com.br/eventos.html]
[demo.brasilleiro.com.br/secretarias/turismo.html]
[demo.brasilleiro.com.br/secretarias/saude.html]
[static.brasilleiro.com.br/imagens/zc1_w100_h85__29a845edeb87ceed6bcb504838c09206dc906199456ef7fd47522abcb82fb355_l6w4f.jpg]
[demo.brasilleiro.com.br/secretarias/meio_ambiente.html]
[static.brasilleiro.com.br/assets/2018091901/fullcalendar-2.2.5/fullcalendar.min.js]
[demo.brasilleiro.com.br/noticias/executivo_notifica_caixa_economica_federal.html]
[static.brasilleiro.com.br/imagens/zc1_w100_h85__566793e4c40cc4f4c740d4fc6a4879c34bb37bf2c4321f9db63a5d3bc12918fb.jpg]
[demo.brasilleiro.com.br/noticias/executivo_participa_de_reuniao_com_representantes_da_caixa.html]
[static.brasilleiro.com.br/imagens/zc1_w100_h85__145ffff4779f2bcdba157cf46bfcc23a4aa6ac172b032e7233d9b3c2db017c24.jpg]
[demo.brasilleiro.com.br/noticias/secretaria_de_habitacao_nao_tera_expediente_quinta_e_sexta-feira.html]
[demo.brasilleiro.com.br/noticias/executivo_recebe_moradores_do_condominio_frieda_heck.html]
[static.brasilleiro.com.br/imagens/zc1_w100_h85__3d2ee17e366d234ce7fb89d36b7b65c8fa32c1dbc01c9b82363117949c64dcfe.jpg]
[demo.brasilleiro.com.br/noticias/secretaria_municipal_de_habitacao_comunica_expediente_interno.html]
[demo.brasilleiro.com.br/secretarias/habitacao.html]
[demo.brasilleiro.com.br/noticias/setor_de_iss_atende_em_horario_reduzido_em_janeiro_e_fevereiro.html]
[static.brasilleiro.com.br/imagens/zc1_w100_h85__a23e3ab670b880ba03addd34be8520e83a8a9ccb82dd2fdbea4288d2aefa628f.jpg]
[demo.brasilleiro.com.br/noticias/setor_de_iss_comunica_horarios_de_atendimento_para_janeiro.html]
[demo.brasilleiro.com.br/noticias/contribuinte_tem_prazo_ate_esta_terca-feira_para_quitar_seu.html]
[static.brasilleiro.com.br/imagens/zc1_w100_h85__7fa38f861be4225b759dd510a20b07ed6ae8a8bfb4d530299a0297ac3174b3d8.jpg]
[demo.brasilleiro.com.br/noticias/contribuinte_em_debito_tem_prazo_ampliado_para_quitar_suas.html]
[demo.brasilleiro.com.br/noticias/ijui_tem_crescimento_de_975_no_valor_adicionado_para_compor.html]
[static.brasilleiro.com.br/imagens/zc1_w100_h85__4b7674a12f331c294c199888afb38edc830027a7019c8b526d5ccdfe63c94109.jpg]
[demo.brasilleiro.com.br/secretarias/fazenda.html]
[static.brasilleiro.com.br/imagens/29a845edeb87ceed6bcb504838c092065c3a5be0c04c3bdaeb8d15d37738a0a8_v4n4j.jpg]
[static.brasilleiro.com.br/imagens/zc1_w372.543_h266__29a845edeb87ceed6bcb504838c092065c3a5be0c04c3bdaeb8d15d37738a0a8_v4n4j.jpg]
[static.brasilleiro.com.br/imagens/zc1_w100_h85__d25b60c5907b60bd418371bd9386d40d6a848de6eec12d31ca19e7b506cbc262_o1c8r.jpg]
[static.brasilleiro.com.br/imagens/zc1_w100_h85__29a845edeb87ceed6bcb504838c09206229a4c3426587a48089cde6a3a1bbb47_s7a6m.jpg]
[static.brasilleiro.com.br/imagens/zc1_w100_h85__29a845edeb87ceed6bcb504838c0920681e03393d148700ff74406ed267148f8_x4n7p.jpg]
[demo.brasilleiro.com.br/secretarias/administracao.html]
[static.brasilleiro.com.br/imagens/29a845edeb87ceed6bcb504838c09206d647e2db06545ba6c8526d3d1285c145_a2e1r.jpg]
[demo.brasilleiro.com.br/imagens/zc1_w700__29a845edeb87ceed6bcb504838c09206d647e2db06545ba6c8526d3d1285c145_a2e1r.jpg]
[demo.brasilleiro.com.br/downloads/CRONOGRAMA DE ATIVIDADES REPUBLICADO DATA INICIO ANO LETIVO janeiro 2017.doc.doc]
[static.brasilleiro.com.br/imagens/zc1_w100_h85__29a845edeb87ceed6bcb504838c09206c41642efc8003abf7e2bb7a05593b329_k6r2p.jpg]
[static.brasilleiro.com.br/imagens/zc1_w100_h85__29a845edeb87ceed6bcb504838c09206c082fb39f0f47a7fad06f6671fe82a53_w6n1t.jpg]
[static.brasilleiro.com.br/imagens/zc1_w100_h85__29a845edeb87ceed6bcb504838c0920699364c090cc91473127f80179e44c6d0_p6g8v.jpg]
[demo.brasilleiro.com.br/secretarias/educacao.html]
[static.brasilleiro.com.br/imagens/29a845edeb87ceed6bcb504838c0920683043f49e90c93a76f62ba980f0baa8a_k2w9o.jpg]
[demo.brasilleiro.com.br/imagens/zc1_w337.7021943573668_h241__29a845edeb87ceed6bcb504838c0920683043f49e90c93a76f62ba980f0baa8a_k2w9o.jpg]
[demo.brasilleiro.com.br/secretarias/cultura.html]
[demo.brasilleiro.com.br/categorias/esportes.html]
[static.brasilleiro.com.br/imagens/zc1_w160_h100__29a845edeb87ceed6bcb504838c09206229a4c3426587a48089cde6a3a1bbb47_s7a6m.jpg]
[static.brasilleiro.com.br/imagens/zc1_w160_h100__29a845edeb87ceed6bcb504838c09206c082fb39f0f47a7fad06f6671fe82a53_w6n1t.jpg]
[static.brasilleiro.com.br/imagens/zc1_w160_h100__29a845edeb87ceed6bcb504838c09206dc906199456ef7fd47522abcb82fb355_l6w4f.jpg]
[static.brasilleiro.com.br/imagens/zc1_w160_h100__29a845edeb87ceed6bcb504838c0920681e03393d148700ff74406ed267148f8_x4n7p.jpg]
[demo.brasilleiro.com.br/categorias/agricultura.html]
[demo.brasilleiro.com.br/categorias/ciencia_e_tecnologia.html]
[static.brasilleiro.com.br/imagens/zc1_w160_h100__29a845edeb87ceed6bcb504838c0920699364c090cc91473127f80179e44c6d0_p6g8v.jpg]
[demo.brasilleiro.com.br/categorias/cultura.html]
[demo.brasilleiro.com.br/categorias/educacao.html]
[demo.brasilleiro.com.br/categorias/emprego.html]
[demo.brasilleiro.com.br/categorias.html]
[static.brasilleiro.com.br/imagens/zc1_w160_h100__29a845edeb87ceed6bcb504838c09206c41642efc8003abf7e2bb7a05593b329_k6r2p.jpg]
[demo.brasilleiro.com.br/noticias.html]
[static.brasilleiro.com.br/assets/2018091901/mediaelement/skin/mejs-base.css]
[static.brasilleiro.com.br/assets/2018091901/mediaelement/skin/mejs-dark.css]
[demo.brasilleiro.com.br/downloads/349af6f9bda5e9a7745eadd01606ee9578807f36a3dfd98d72a0f4abd33ed664_j4c7m.mp3]
[demo.brasilleiro.com.br/audios/349af6f9bda5e9a7745eadd01606ee9578807f36a3dfd98d72a0f4abd33ed664_j4c7m.mp3]
[demo.brasilleiro.com.br/audios.html]
[static.brasilleiro.com.br/assets/2018091901/mediaelement/build/mediaelement-and-player.min.js]
[demo.brasilleiro.com.br/enquetes.html]
[static.brasilleiro.com.br/imagens/zc1_w300_h150__noticias_ijui_c7v9x.jpg]
[static.brasilleiro.com.br/imagens/zc1_w300_h150__pontos_turisticos_j8e1r.jpg]
[demo.brasilleiro.com.br/galerias.html]
[demo.brasilleiro.com.br/videos.html]
[demo.brasilleiro.com.br/acessoainformacao.html]
[static.brasilleiro.com.br/assets/2018091901/js/jquery.maskedinput-1.3.min.js]
[demo.brasilleiro.com.br/assets/captcha/1537993249.7487.jpg]
[demo.brasilleiro.com.br/acessoainformacao/sic.html]
[demo.brasilleiro.com.br/acessoainformacao/consulta.html]
[demo.brasilleiro.com.br/acessoainformacao/relatorios.html]
[demo.brasilleiro.com.br/assets/captcha/1537993259.9514.jpg]
[demo.brasilleiro.com.br/ouvidoria.html]
[demo.brasilleiro.com.br/login.html]
[static.brasilleiro.com.br/imagens/d25b60c5907b60bd418371bd9386d40d6a848de6eec12d31ca19e7b506cbc262_o1c8r.jpg]
[demo.brasilleiro.com.br/imagens/zc1_w756__d25b60c5907b60bd418371bd9386d40d6a848de6eec12d31ca19e7b506cbc262_o1c8r.jpg]
[static.brasilleiro.com.br/imagens/zc1_w100_h80__29a845edeb87ceed6bcb504838c09206c082fb39f0f47a7fad06f6671fe82a53_w6n1t.jpg]
[static.brasilleiro.com.br/imagens/zc1_w100_h80__29a845edeb87ceed6bcb504838c0920699364c090cc91473127f80179e44c6d0_p6g8v.jpg]
[static.brasilleiro.com.br/imagens/zc1_w100_h80__29a845edeb87ceed6bcb504838c09206229a4c3426587a48089cde6a3a1bbb47_s7a6m.jpg]
[static.brasilleiro.com.br/imagens/zc1_w100_h80__29a845edeb87ceed6bcb504838c0920681e03393d148700ff74406ed267148f8_x4n7p.jpg]
[static.brasilleiro.com.br/imagens/zc1_w100_h80__29a845edeb87ceed6bcb504838c09206dc906199456ef7fd47522abcb82fb355_l6w4f.jpg]
[static.brasilleiro.com.br/imagens/zc1_w100_h80__29a845edeb87ceed6bcb504838c09206c41642efc8003abf7e2bb7a05593b329_k6r2p.jpg]
[demo.brasilleiro.com.br/assets/captcha/1537993268.214.jpg]
[demo.brasilleiro.com.br/noticias/ullamco_egestas_elementum_turpis_aptent_ullamcorper_per.html]
[static.brasilleiro.com.br/imagens/29a845edeb87ceed6bcb504838c0920699364c090cc91473127f80179e44c6d0_p6g8v.jpg]
[demo.brasilleiro.com.br/imagens/zc1_w700__29a845edeb87ceed6bcb504838c0920699364c090cc91473127f80179e44c6d0_p6g8v.jpg]
[static.brasilleiro.com.br/imagens/zc1_w100_h80__d25b60c5907b60bd418371bd9386d40d6a848de6eec12d31ca19e7b506cbc262_o1c8r.jpg]
[demo.brasilleiro.com.br/assets/captcha/1537993269.6765.jpg]
[demo.brasilleiro.com.br/noticias/cubilia_architecto_numquam_minus_asperiores_repellat.html]
[static.brasilleiro.com.br/imagens/29a845edeb87ceed6bcb504838c0920681e03393d148700ff74406ed267148f8_x4n7p.jpg]
[demo.brasilleiro.com.br/imagens/zc1_w373.45098039215685_h267__29a845edeb87ceed6bcb504838c0920681e03393d148700ff74406ed267148f8_x4n7p.jpg]
[static.brasilleiro.com.br/imagens/zc1_w160_h90__pontos_turisticos_j8e1r.jpg]
[static.brasilleiro.com.br/imagens/zc1_w160_h90__pontos_turisticos_x3n4z.jpg]
[static.brasilleiro.com.br/imagens/zc1_w160_h90__pontos_turisticos_u4s8d.jpg]
[static.brasilleiro.com.br/imagens/zc1_w160_h90__pontos_turisticos_x2m5s.jpg]
[static.brasilleiro.com.br/imagens/zc1_w160_h90__pontos_turisticos_h5f3x.jpg]
[static.brasilleiro.com.br/imagens/zc1_w160_h90__pontos_turisticos_x4m5s.jpg]
[static.brasilleiro.com.br/imagens/zc1_w160_h90__pontos_turisticos_s3x8f.jpg]
[static.brasilleiro.com.br/imagens/zc1_w160_h90__pontos_turisticos_w1i8u.jpg]
[static.brasilleiro.com.br/imagens/zc1_w160_h90__pontos_turisticos_m1e3g.jpg]
[static.brasilleiro.com.br/imagens/zc1_w160_h90__pontos_turisticos_r4c3u.jpg]
[static.brasilleiro.com.br/imagens/zc1_w160_h90__pontos_turisticos_r1c1g.jpg]
[static.brasilleiro.com.br/imagens/zc1_w160_h90__pontos_turisticos_p4g5g.jpg]
[demo.brasilleiro.com.br/assets/captcha/1537993271.3367.jpg]
[demo.brasilleiro.com.br/noticias/ipsam_pretium_aliquam_dolorem_hendrerit_hendrerit.html]
[static.brasilleiro.com.br/imagens/29a845edeb87ceed6bcb504838c09206c41642efc8003abf7e2bb7a05593b329_k6r2p.jpg]
[demo.brasilleiro.com.br/imagens/zc1_w676.1999999999999_h483__29a845edeb87ceed6bcb504838c09206c41642efc8003abf7e2bb7a05593b329_k6r2p.jpg]
[demo.brasilleiro.com.br/assets/captcha/1537993281.1961.jpg]
[demo.brasilleiro.com.br/noticias/tortor_ipsam_metus_aenean_omnis_inventore_consectetur.html]
[static.brasilleiro.com.br/imagens/29a845edeb87ceed6bcb504838c09206229a4c3426587a48089cde6a3a1bbb47_s7a6m.jpg]
[demo.brasilleiro.com.br/imagens/zc1_w416_h312__29a845edeb87ceed6bcb504838c09206229a4c3426587a48089cde6a3a1bbb47_s7a6m.jpg]
[demo.brasilleiro.com.br/assets/captcha/1537993282.7365.jpg]
[demo.brasilleiro.com.br/noticias/facere_aperiam_inventore_posuere_ex_itaque.html]
[static.brasilleiro.com.br/imagens/29a845edeb87ceed6bcb504838c09206c082fb39f0f47a7fad06f6671fe82a53_w6n1t.jpg]
[demo.brasilleiro.com.br/imagens/zc1_w381.9605263157895_h273__29a845edeb87ceed6bcb504838c09206c082fb39f0f47a7fad06f6671fe82a53_w6n1t.jpg]
[demo.brasilleiro.com.br/assets/captcha/1537993285.7767.jpg]
[demo.brasilleiro.com.br/noticias/blanditiis_cum_imperdiet_vestibulum_repellat_quam.html]
[static.brasilleiro.com.br/imagens/29a845edeb87ceed6bcb504838c09206dc906199456ef7fd47522abcb82fb355_l6w4f.jpg]
[demo.brasilleiro.com.br/imagens/zc1_w376.93730407523515_h269__29a845edeb87ceed6bcb504838c09206dc906199456ef7fd47522abcb82fb355_l6w4f.jpg]
[demo.brasilleiro.com.br/assets/captcha/1537993287.3614.jpg]
[demo.brasilleiro.com.br/noticias/quasi_ridiculus_congue_eum_ultrices_egestas_optio_labore_quis.html]
[demo.brasilleiro.com.br/downloads/Arquivo de teste.pdf.pdf]
[demo.brasilleiro.com.br/downloads/Pasta1.xlsx.xlsx]
[demo.brasilleiro.com.br/downloads/Desktop.zip.zip]
[demo.brasilleiro.com.br/licitacoes/pariatur_soluta_tristique_quidem.html]
[demo.brasilleiro.com.br/downloads/Concurso de teste.pdf]
[demo.brasilleiro.com.br/concursos/concurso_publico_2013.html]
[static.brasilleiro.com.br/assets/2018091901/img/tempo-icones/flat-color/04d.png]
[demo.brasilleiro.com.br/previsaodotempo.html]
[demo.brasilleiro.com.br/imagens/zc1_w700__94202e3cc4cbea3f302d00ee8d3476d48605daa62c6dd0fa95fe1d4a2342431f_t8a9e.jpg]
[demo.brasilleiro.com.br/imagens/zc1_w700__94202e3cc4cbea3f302d00ee8d3476d4b52bb9bb4aae8071ae91b5a3e14ca204_l9z5a.jpg]
[demo.brasilleiro.com.br/imagens/zc1_w700__94202e3cc4cbea3f302d00ee8d3476d47a9a56261e74a5285d9f9c6c092dfd7f_s6x2j.jpg]
[static.brasilleiro.com.br/imagens/zc1_w120_h80__29a845edeb87ceed6bcb504838c09206dc906199456ef7fd47522abcb82fb355_l6w4f.jpg]
[demo.brasilleiro.com.br/projetoseacoes/asfalto_da_rua_x.html]
[static.brasilleiro.com.br/imagens/zc1_w160__noticias_ijui_c7v9x.jpg]
[static.brasilleiro.com.br/imagens/zc1_w120_h80__noticias_ijui_c7v9x.jpg]
[static.brasilleiro.com.br/imagens/zc1_w120_h80__pontos_turisticos_j8e1r.jpg]
[static.brasilleiro.com.br/imagens/zc1_w120_h80__ec3fb4b3d2033c2e15fb07f919c480e902fd042a4e3cf4cc19583060c9305253_o7v4l.jpg]
[static.brasilleiro.com.br/imagens/zc1_w120_h80__ec3fb4b3d2033c2e15fb07f919c480e9340da4b865e2076e7816f98eba029ab0_j2c2x.jpg]
[demo.brasilleiro.com.br/galerias/noticias_ijui.html]
[static.brasilleiro.com.br/imagens/zc1_w160__pontos_turisticos_j8e1r.jpg]
[static.brasilleiro.com.br/imagens/zc1_w160__pontos_turisticos_x3n4z.jpg]
[static.brasilleiro.com.br/imagens/zc1_w160__pontos_turisticos_u4s8d.jpg]
[static.brasilleiro.com.br/imagens/zc1_w160__pontos_turisticos_x2m5s.jpg]
[static.brasilleiro.com.br/imagens/zc1_w160__pontos_turisticos_h5f3x.jpg]
[static.brasilleiro.com.br/imagens/zc1_w160__pontos_turisticos_x4m5s.jpg]
[static.brasilleiro.com.br/imagens/zc1_w160__pontos_turisticos_s3x8f.jpg]
[static.brasilleiro.com.br/imagens/zc1_w160__pontos_turisticos_w1i8u.jpg]
[static.brasilleiro.com.br/imagens/zc1_w160__pontos_turisticos_m1e3g.jpg]
[static.brasilleiro.com.br/imagens/zc1_w160__pontos_turisticos_r4c3u.jpg]
[static.brasilleiro.com.br/imagens/zc1_w160__pontos_turisticos_r1c1g.jpg]
[static.brasilleiro.com.br/imagens/zc1_w160__pontos_turisticos_p4g5g.jpg]
[static.brasilleiro.com.br/imagens/zc1_w120_h80__29a845edeb87ceed6bcb504838c0920681e03393d148700ff74406ed267148f8_x4n7p.jpg]
[demo.brasilleiro.com.br/galerias/pontos_turisticos.html]
[demo.brasilleiro.com.br/assets/captcha/1537993294.6842.jpg]
[demo.brasilleiro.com.br/ouvidoria/contato.html]
[demo.brasilleiro.com.br/noticias/imprensa.html]
[connect.facebook.net/pt_BR/sdk.js]
[static.brasilleiro.com.br/assets/2018091901/img/pontilhado.png]
[static.brasilleiro.com.br/assets/2018091901/img/play-video.png]
[static.brasilleiro.com.br/assets/2018091901/datatables/media/images/sort_both.png]
[static.brasilleiro.com.br/assets/2018091901/datatables/media/images/sort_asc.png]
[static.brasilleiro.com.br/assets/2018091901/datatables/media/images/sort_desc.png]
[static.brasilleiro.com.br/assets/2018091901/datatables/media/images/sort_asc_disabled.png]
[static.brasilleiro.com.br/assets/2018091901/datatables/media/images/sort_desc_disabled.png]
[static.brasilleiro.com.br/assets/2018091901/css/temasv2.css]
[demo.brasilleiro.com.br/welcome.html]
[demo.brasilleiro.com.br/busca.html]
[static.brasilleiro.com.br/imagens/zc1_w393_h115__d25b60c5907b60bd418371bd9386d40d9d9016b5ec7de83e27272b5ee233a5fb_g9x4d.png]
[demo.brasilleiro.com.br/imagens/zc1_w400.4_h286__29a845edeb87ceed6bcb504838c09206793fd09ff2172e495fae04a7ca060057_e6f2a.jpg]
[demo.brasilleiro.com.br/imagens/zc1_w387.79999999999995_h277__29a845edeb87ceed6bcb504838c092068d7ec7e0d1d0bc036a2f1074d521abba_n2r1e.jpg]
[demo.brasilleiro.com.br/imagens/zc1_w173.952_h254__bfca0591a898bdb790374b53d416976d3d646a47335a74b80511d2137056ef9b_f8f5v.png]
[demo.brasilleiro.com.br/exprefeitos.html]
[demo.brasilleiro.com.br/secretarias/cultura/secretario_1.html]
[demo.brasilleiro.com.br/secretarias/educacao/secretaria_1.html]
[demo.brasilleiro.com.br/secretarias/administracao/secretaria.html]
[demo.brasilleiro.com.br/secretarias/fazenda/secretario_2.html]
[demo.brasilleiro.com.br/secretarias/habitacao/secretario_3.html]
[demo.brasilleiro.com.br/secretarias/meio_ambiente/secretaria_2.html]
[static.brasilleiro.com.br/imagens/29a845edeb87ceed6bcb504838c092065aafb6e65a24569295e389f721d03f7f_c1w7t.jpg]
[demo.brasilleiro.com.br/imagens/zc1_w392_h280__29a845edeb87ceed6bcb504838c092065aafb6e65a24569295e389f721d03f7f_c1w7t.jpg]
[demo.brasilleiro.com.br/secretarias/saude/secretario.html]
[demo.brasilleiro.com.br/secretarias/saude/atribuicoes.html]
[demo.brasilleiro.com.br/assets/captcha/1537993337.0714.jpg]
[demo.brasilleiro.com.br/ouvidoria/sic.html]
[demo.brasilleiro.com.br/ouvidoria/consulta.html]
[demo.brasilleiro.com.br/ouvidoria/acesso_a_informacao_no_brasil.html]
[demo.brasilleiro.com.br/ouvidoria/regra_para_contagem_do_prazo_legal.html]
[demo.brasilleiro.com.br/ouvidoria/perguntas_mais_frequentes_-_faq.html]
[demo.brasilleiro.com.br/faq.html]
[demo.brasilleiro.com.br/ouvidoria/relatorios.html]
[demo.brasilleiro.com.br/paginapref.html]
[demo.brasilleiro.com.br/paginapref/gabinete_do_prefeito/teste.html]
[static.brasilleiro.com.br/imagens/pontos_turisticos_u4s8d.jpg]
[static.brasilleiro.com.br/imagens/zc1_w160_h80__pontos_turisticos_h5f3x.jpg]
[static.brasilleiro.com.br/assets/2018091901/colorbox/example3/images/loading.gif]
[static.brasilleiro.com.br/assets/2018091901/colorbox/example3/images/controls.png]
[static.brasilleiro.com.br/assets/2018091901/colorbox/example3/colorbox.css]
[demo.brasilleiro.com.br/downloads/Maria - Estagiária - 2015.png]
[demo.brasilleiro.com.br/downloads/João - Secretário - 2015.png]
[demo.brasilleiro.com.br/downloads/conteudo-nova-subpagina.png.png]
[demo.brasilleiro.com.br/downloads/conteudo-da-pagina.png.png]
[demo.brasilleiro.com.br/downloads/botao-nova-subpagina.png.png]
[demo.brasilleiro.com.br/downloads/botao-anexos.png.png]
[demo.brasilleiro.com.br/paginapref/recursos_humanos/relacao_dos_servidores.html]
[demo.brasilleiro.com.br/normas/index/lei.html]
[demo.brasilleiro.com.br/normas/index/lei_organica.html]
[demo.brasilleiro.com.br/normas/index/regimento_interno.html]
[static.brasilleiro.com.br/assets/2018091901/datatables/extras/TableTools/media/images/collection.png]
[static.brasilleiro.com.br/assets/2018091901/datatables/extras/TableTools/media/images/collection_hover.png]
[static.brasilleiro.com.br/assets/2018091901/datatables/extras/TableTools/media/images/background.png]
[static.brasilleiro.com.br/assets/2018091901/datatables/extras/TableTools/media/css/TableTools.css]
[static.brasilleiro.com.br/assets/2018091901/bootstrap-datepicker/build/css/bootstrap-datetimepicker.css]
[demo.brasilleiro.com.br/contas/2014.html]
[static.brasilleiro.com.br/assets/2018091901/datepicker/css/datepicker.css]
[demo.brasilleiro.com.br/licitacoes/modalidade/carta_convite_1.html]
[demo.brasilleiro.com.br/licitacoes/modalidade/chamada_publica.html]
[demo.brasilleiro.com.br/licitacoes/modalidade/chamamento_publico.html]
[demo.brasilleiro.com.br/licitacoes/modalidade/comunicado_publico.html]
[demo.brasilleiro.com.br/licitacoes/modalidade/concorrencia.html]
[demo.brasilleiro.com.br/licitacoes/modalidade/concurso.html]
[demo.brasilleiro.com.br/licitacoes/modalidade/dispensa_por_limite.html]
[demo.brasilleiro.com.br/licitacoes/modalidade/inexigibilidade.html]
[demo.brasilleiro.com.br/licitacoes/modalidade/leilao.html]
[demo.brasilleiro.com.br/licitacoes/modalidade/pregao_eletronico.html]
[demo.brasilleiro.com.br/licitacoes/modalidade/pregao_presencial.html]
[demo.brasilleiro.com.br/licitacoes/modalidade/proposta_magnetica.html]
[demo.brasilleiro.com.br/licitacoes/modalidade/rdc.html]
[demo.brasilleiro.com.br/licitacoes/modalidade/registro_preco.html]
[demo.brasilleiro.com.br/licitacoes/modalidade/tomada_de_precos.html]
[demo.brasilleiro.com.br/transparencia/despesaspordata/2018/09.html]
[demo.brasilleiro.com.br/paginas.html]
[static.brasilleiro.com.br/assets/2018091901/fullcalendar-2.2.5/fullcalendar.min.css]
[demo.brasilleiro.com.br/noticias/executivo_notifica_caixa_economica_federal.html]
[demo.brasilleiro.com.br/noticias/executivo_participa_de_reuniao_com_representantes_da_caixa.html]
[demo.brasilleiro.com.br/noticias/secretaria_de_habitacao_nao_tera_expediente_quinta_e_sexta-feira.html]
[demo.brasilleiro.com.br/noticias/executivo_recebe_moradores_do_condominio_frieda_heck.html]
[demo.brasilleiro.com.br/noticias/secretaria_municipal_de_habitacao_comunica_expediente_interno.html]
[demo.brasilleiro.com.br/noticias/setor_de_iss_atende_em_horario_reduzido_em_janeiro_e_fevereiro.html]
[demo.brasilleiro.com.br/noticias/setor_de_iss_comunica_horarios_de_atendimento_para_janeiro.html]
[demo.brasilleiro.com.br/noticias/contribuinte_tem_prazo_ate_esta_terca-feira_para_quitar_seu.html]
[demo.brasilleiro.com.br/noticias/contribuinte_em_debito_tem_prazo_ampliado_para_quitar_suas.html]
[demo.brasilleiro.com.br/noticias/ijui_tem_crescimento_de_975_no_valor_adicionado_para_compor.html]
[static.brasilleiro.com.br/assets/2018091901/mediaelement/skin/mejs-base.css]
[static.brasilleiro.com.br/assets/2018091901/mediaelement/skin/images/spinner.gif]
[static.brasilleiro.com.br/assets/2018091901/mediaelement/skin/images/play.png]
[static.brasilleiro.com.br/assets/2018091901/mediaelement/skin/images/controls.png]
[static.brasilleiro.com.br/assets/2018091901/mediaelement/skin/mejs-dark.css]
[demo.brasilleiro.com.br/acessoainformacao/_/assets/captcha/1537993249.7487.html]
[demo.brasilleiro.com.br/_/assets/captcha/1537993259.9514.html]
[demo.brasilleiro.com.br/ABCDEFGHIJKLMNOPQRSTUVWXYZabcdefghijklmnopqrstuvwxyz0123456789+/index.html]
[demo.brasilleiro.com.br/^([^_/indexd41d.html]
[demo.brasilleiro.com.br/restserver.html]
